# pycrtools.template
# pycrtools.core
# pycrtools.core.types
pycrtools.core.htypes
pycrtools.core.harray
pycrtools.core.plot
pycrtools.core.vector
pycrtools.core.workspaces
# pycrtools.core.hftools.mArray
pycrtools.core.hftools.mVector
pycrtools.core.hftools.mMath
pycrtools.core.hftools.mFitting
pycrtools.core.hftools.mFilter
pycrtools.core.hftools.mFFT
pycrtools.core.hftools.mFFTW
pycrtools.core.hftools.mImaging
pycrtools.core.hftools.mIO
pycrtools.core.hftools.mRF
pycrtools.core.hftools.mTBB
pycrtools.core.hftools.mEndPointRadiation
pycrtools.core.hftools.mCalibration
pycrtools.crdatabase
pycrtools.grid
pycrtools.lora
pycrtools.metadata
pycrtools.matching
pycrtools.qualitycheck
pycrtools.ppf
pycrtools.srcfind
pycrtools.tasks
pycrtools.tasks.antennaresponse
pycrtools.tasks.averagespectrum
pycrtools.tasks.beamformer
pycrtools.tasks.beamformer2
pycrtools.tasks.cabledelays
pycrtools.tasks.calibratefm
pycrtools.tasks.crimager
pycrtools.tasks.crosscorrelateantennas
pycrtools.tasks.directionfitbf
pycrtools.tasks.directionfitplanewave
pycrtools.tasks.dynamicspectrum
pycrtools.tasks.eventstatistics
pycrtools.tasks.findrfi
pycrtools.tasks.fitbaseline
pycrtools.tasks.galaxy
pycrtools.tasks.imager
pycrtools.tasks.imager_dm
pycrtools.tasks.ldf
pycrtools.tasks.minibeamformer
pycrtools.tasks.noise
pycrtools.tasks.plotfootprint
pycrtools.tasks.pulsecal
pycrtools.tasks.pulseenvelope
pycrtools.tasks.rfilines
pycrtools.tasks.shower
pycrtools.tasks.stationbeamformer
pycrtools.tasks.stokesparameters
pycrtools.tasks.wavefront
pycrtools.tasks.wavefront_full
pycrtools.io
pycrtools.io.database
pycrtools.io.interfaces
pycrtools.io.tbb
